Failed to load resource: the server responded with a status of 404 (Not Found)
Failed to load resource: the server responded with a status of 404 (Not Found)
Failed to load resource: the server responded with a status of 404 (Not Found)
[boot] Checking game data…
[boot] Downloading game data… 0 of 54 MB
[boot] Downloading game data… 0 of 54 MB
[boot] Downloading game data… 0 of 54 MB
[boot] Downloading game data… 1 of 54 MB
[boot] Downloading game data… 1 of 54 MB
[boot] Downloading game data… 1 of 54 MB
[boot] Downloading game data… 1 of 54 MB
[boot] Downloading game data… 1 of 54 MB
[boot] Downloading game data… 1 of 54 MB
[boot] Downloading game data… 1 of 54 MB
[boot] Downloading game data… 1 of 54 MB
[boot] Downloading game data… 1 of 54 MB
[boot] Downloading game data… 1 of 54 MB
[boot] Downloading game data… 2 of 54 MB
[boot] Downloading game data… 2 of 54 MB
[boot] Downloading game data… 2 of 54 MB
[boot] Downloading game data… 2 of 54 MB
[boot] Downloading game data… 2 of 54 MB
[boot] Downloading game data… 2 of 54 MB
[boot] Downloading game data… 2 of 54 MB
[boot] Downloading game data… 2 of 54 MB
[boot] Downloading game data… 2 of 54 MB
[boot] Downloading game data… 3 of 54 MB
[boot] Downloading game data… 3 of 54 MB
[boot] Downloading game data… 3 of 54 MB
[boot] Downloading game data… 4 of 54 MB
[boot] Downloading game data… 4 of 54 MB
[boot] Downloading game data… 5 of 54 MB
[boot] Downloading game data… 5 of 54 MB
[boot] Downloading game data… 6 of 54 MB
[boot] Downloading game data… 6 of 54 MB
[boot] Downloading game data… 7 of 54 MB
[boot] Downloading game data… 8 of 54 MB
[boot] Downloading game data… 9 of 54 MB
[boot] Downloading game data… 9 of 54 MB
[boot] Downloading game data… 9 of 54 MB
[boot] Downloading game data… 9 of 54 MB
[boot] Downloading game data… 9 of 54 MB
[boot] Downloading game data… 10 of 54 MB
[boot] Downloading game data… 12 of 54 MB
[boot] Downloading game data… 12 of 54 MB
[boot] Downloading game data… 14 of 54 MB
[boot] Downloading game data… 16 of 54 MB
[boot] Downloading game data… 18 of 54 MB
[boot] Downloading game data… 20 of 54 MB
[boot] Downloading game data… 22 of 54 MB
[boot] Downloading game data… 24 of 54 MB
[boot] Downloading game data… 26 of 54 MB
[boot] Downloading game data… 28 of 54 MB
[boot] Downloading game data… 28 of 54 MB
[boot] Downloading game data… 28 of 54 MB
[boot] Downloading game data… 28 of 54 MB
[boot] Downloading game data… 28 of 54 MB
[boot] Downloading game data… 28 of 54 MB
[boot] Downloading game data… 29 of 54 MB
[boot] Downloading game data… 29 of 54 MB
[boot] Downloading game data… 29 of 54 MB
[boot] Downloading game data… 29 of 54 MB
[boot] Downloading game data… 29 of 54 MB
[boot] Downloading game data… 29 of 54 MB
[boot] Downloading game data… 29 of 54 MB
[boot] Downloading game data… 29 of 54 MB
[boot] Downloading game data… 30 of 54 MB
[boot] Downloading game data… 30 of 54 MB
[boot] Downloading game data… 30 of 54 MB
[boot] Downloading game data… 30 of 54 MB
[boot] Downloading game data… 30 of 54 MB
[boot] Downloading game data… 30 of 54 MB
[boot] Downloading game data… 30 of 54 MB
[boot] Downloading game data… 30 of 54 MB
[boot] Downloading game data… 31 of 54 MB
[boot] Downloading game data… 31 of 54 MB
[boot] Downloading game data… 32 of 54 MB
[boot] Downloading game data… 32 of 54 MB
[boot] Downloading game data… 32 of 54 MB
[boot] Downloading game data… 32 of 54 MB
[boot] Downloading game data… 33 of 54 MB
[boot] Downloading game data… 33 of 54 MB
[boot] Downloading game data… 33 of 54 MB
[boot] Downloading game data… 34 of 54 MB
[boot] Downloading game data… 34 of 54 MB
[boot] Downloading game data… 34 of 54 MB
[boot] Downloading game data… 34 of 54 MB
[boot] Downloading game data… 34 of 54 MB
[boot] Downloading game data… 34 of 54 MB
[boot] Downloading game data… 34 of 54 MB
[boot] Downloading game data… 34 of 54 MB
[boot] Downloading game data… 34 of 54 MB
[boot] Downloading game data… 35 of 54 MB
[boot] Downloading game data… 35 of 54 MB
[boot] Downloading game data… 35 of 54 MB
[boot] Downloading game data… 35 of 54 MB
[boot] Downloading game data… 35 of 54 MB
[boot] Downloading game data… 36 of 54 MB
[boot] Downloading game data… 36 of 54 MB
[boot] Downloading game data… 36 of 54 MB
[boot] Downloading game data… 36 of 54 MB
[boot] Downloading game data… 36 of 54 MB
[boot] Downloading game data… 36 of 54 MB
[boot] Downloading game data… 37 of 54 MB
[boot] Downloading game data… 37 of 54 MB
[boot] Downloading game data… 37 of 54 MB
[boot] Downloading game data… 37 of 54 MB
[boot] Downloading game data… 37 of 54 MB
[boot] Downloading game data… 37 of 54 MB
[boot] Downloading game data… 37 of 54 MB
[boot] Downloading game data… 38 of 54 MB
[boot] Downloading game data… 38 of 54 MB
[boot] Downloading game data… 38 of 54 MB
[boot] Downloading game data… 38 of 54 MB
[boot] Downloading game data… 39 of 54 MB
[boot] Downloading game data… 40 of 54 MB
[boot] Downloading game data… 40 of 54 MB
[boot] Downloading game data… 40 of 54 MB
[boot] Downloading game data… 40 of 54 MB
[boot] Downloading game data… 40 of 54 MB
[boot] Downloading game data… 41 of 54 MB
[boot] Downloading game data… 41 of 54 MB
[boot] Downloading game data… 42 of 54 MB
[boot] Downloading game data… 42 of 54 MB
[boot] Downloading game data… 42 of 54 MB
[boot] Downloading game data… 43 of 54 MB
[boot] Downloading game data… 43 of 54 MB
[boot] Downloading game data… 43 of 54 MB
[boot] Downloading game data… 44 of 54 MB
[boot] Downloading game data… 44 of 54 MB
[boot] Downloading game data… 44 of 54 MB
[boot] Downloading game data… 44 of 54 MB
[boot] Downloading game data… 44 of 54 MB
[boot] Downloading game data… 44 of 54 MB
[boot] Downloading game data… 44 of 54 MB
[boot] Downloading game data… 44 of 54 MB
[boot] Downloading game data… 44 of 54 MB
[boot] Downloading game data… 44 of 54 MB
[boot] Downloading game data… 44 of 54 MB
[boot] Downloading game data… 45 of 54 MB
[boot] Downloading game data… 45 of 54 MB
[boot] Downloading game data… 45 of 54 MB
[boot] Downloading game data… 45 of 54 MB
[boot] Downloading game data… 45 of 54 MB
[boot] Downloading game data… 45 of 54 MB
[boot] Downloading game data… 45 of 54 MB
[boot] Downloading game data… 45 of 54 MB
[boot] Downloading game data… 45 of 54 MB
[boot] Downloading game data… 46 of 54 MB
[boot] Downloading game data… 46 of 54 MB
[boot] Downloading game data… 46 of 54 MB
[boot] Downloading game data… 46 of 54 MB
[boot] Downloading game data… 46 of 54 MB
[boot] Downloading game data… 47 of 54 MB
[boot] Downloading game data… 47 of 54 MB
[boot] Downloading game data… 48 of 54 MB
[boot] Downloading game data… 48 of 54 MB
[boot] Downloading game data… 48 of 54 MB
[boot] Downloading game data… 48 of 54 MB
[boot] Downloading game data… 48 of 54 MB
[boot] Downloading game data… 48 of 54 MB
[boot] Downloading game data… 48 of 54 MB
[boot] Downloading game data… 49 of 54 MB
[boot] Downloading game data… 49 of 54 MB
[boot] Downloading game data… 49 of 54 MB
[boot] Downloading game data… 49 of 54 MB
[boot] Downloading game data… 49 of 54 MB
[boot] Downloading game data… 49 of 54 MB
[boot] Downloading game data… 49 of 54 MB
[boot] Downloading game data… 49 of 54 MB
[boot] Downloading game data… 50 of 54 MB
[boot] Downloading game data… 50 of 54 MB
[boot] Downloading game data… 50 of 54 MB
[boot] Downloading game data… 50 of 54 MB
[boot] Downloading game data… 51 of 54 MB
[boot] Downloading game data… 51 of 54 MB
[boot] Downloading game data… 51 of 54 MB
[boot] Downloading game data… 52 of 54 MB
[boot] Downloading game data… 52 of 54 MB
[boot] Downloading game data… 53 of 54 MB
[boot] Downloading game data… 53 of 54 MB
[boot] Downloading game data… 54 of 54 MB
[boot] Downloading game data… 54 of 54 MB
[boot] Downloading game data… 54 of 54 MB
[boot] Downloading game data… 54 of 54 MB
[boot] Unpacking…
[boot] Loading engine…
[boot] Writing files…
WebGL: INVALID_ENUM: getParameter: invalid parameter name
[watch] state -1 -> 1
[watch] state 1 -> 2
[.WebGL-0x3c6c0164c600]GL Driver Message (OpenGL, Performance, GL_CLOSE_PATH_NV, High): Running out of reserved outsideRenderPass queueSerial. ending renderPass now.
[watch] state 2 -> 3
[.WebGL-0x3c6c0164c600]GL Driver Message (OpenGL, Performance, GL_CLOSE_PATH_NV, High): Running out of reserved outsideRenderPass queueSerial. ending renderPass now.
[.WebGL-0x3c6c0164c600]GL Driver Message (OpenGL, Performance, GL_CLOSE_PATH_NV, High): Running out of reserved outsideRenderPass queueSerial. ending renderPass now.
[.WebGL-0x3c6c0164c600]GL Driver Message (OpenGL, Performance, GL_CLOSE_PATH_NV, High): Running out of reserved outsideRenderPass queueSerial. ending renderPass now. (this message will no longer repeat)
[09:54:45] processing sound/radio/bot/great.wav
[09:54:49] processing sound/radio/bot/whos_the_man.wav
[09:54:51] processing sound/radio/enemydown.wav
[09:54:53] processing sound/radio/bot/thats_the_way_this_is_done.wav
[09:54:56] processing sound/radio/bot/im_in_trouble.wav
[09:54:59] processing sound/radio/bot/what_have_you_done.wav
[09:55:01] processing sound/radio/bot/ow_its_me.wav
[09:55:05] processing sound/radio/getout.wav
[09:55:07] processing sound/radio/bot/we_owned_them.wav
[09:55:11] processing sound/radio/bot/and_thats_how_its_done.wav
[09:55:13] processing sound/radio/bot/owned.wav
[09:55:16] processing sound/radio/bot/ruined_his_day.wav
[09:55:18] processing sound/radio/bot/made_him_cry.wav
[09:55:22] processing sound/radio/terwin.wav
[09:55:24] processing sound/radio/bot/oh_no_sad.wav
[09:55:29] processing sound/radio/bot/that_was_a_close_one.wav
[09:55:30] processing maps/de_inferno.txt
[09:55:33] processing sound/radio/roger.wav
[09:55:37] processing sound/radio/bot/alright_lets_do_this.wav
[09:55:43] processing sound/radio/bot/ok_cmdr_lets_go.wav
[09:55:48] processing sound/radio/bot/sounds_like_a_plan.wav
[09:55:52] processing sound/radio/bot/yesss.wav
[09:55:55] processing sound/radio/bot/oh_yea.wav
[09:56:00] processing sound/radio/bot/aww_man.wav
[09:56:06] processing sound/radio/bot/thats_not_good.wav
[09:56:10] processing sound/radio/bot/aw_hell.wav
[09:56:12] processing sound/radio/negative.wav
[09:56:16] processing sound/radio/fallback.wav
[09:56:21] processing sound/radio/bot/oh_man.wav
[09:56:25] processing sound/radio/bot/noo.wav
[09:56:32] processing sound/radio/bot/yesss2.wav
